// Jest Snapshot v1, https://goo.gl/fbAQLP

exports[`Converter component renders converter component 1`] = `[Function]`;
